mode: set
realico-comidas-backend/service/category_service.go:29.77,31.2 1 1
realico-comidas-backend/service/category_service.go:41.73,43.21 2 1
realico-comidas-backend/service/category_service.go:43.21,45.3 1 1
realico-comidas-backend/service/category_service.go:47.2,52.16 3 1
realico-comidas-backend/service/category_service.go:52.16,54.3 1 0
realico-comidas-backend/service/category_service.go:55.2,55.22 1 1
realico-comidas-backend/service/category_service.go:58.82,60.21 2 1
realico-comidas-backend/service/category_service.go:60.21,62.3 1 1
realico-comidas-backend/service/category_service.go:64.2,65.16 2 1
realico-comidas-backend/service/category_service.go:65.16,67.3 1 1
realico-comidas-backend/service/category_service.go:69.2,71.16 3 0
realico-comidas-backend/service/category_service.go:71.16,73.3 1 0
realico-comidas-backend/service/category_service.go:75.2,75.22 1 0
realico-comidas-backend/service/category_service.go:78.49,80.16 2 1
realico-comidas-backend/service/category_service.go:80.16,82.3 1 1
realico-comidas-backend/service/category_service.go:85.2,86.16 2 1
realico-comidas-backend/service/category_service.go:86.16,88.3 1 0
realico-comidas-backend/service/category_service.go:89.2,89.17 1 1
realico-comidas-backend/service/category_service.go:89.17,91.3 1 1
realico-comidas-backend/service/category_service.go:93.2,93.26 1 1
realico-comidas-backend/service/order_service.go:52.115,57.2 1 1
realico-comidas-backend/service/order_service.go:59.57,61.2 1 0
realico-comidas-backend/service/order_service.go:63.64,65.2 1 0
realico-comidas-backend/service/order_service.go:67.74,73.63 4 1
realico-comidas-backend/service/order_service.go:73.63,75.3 1 1
realico-comidas-backend/service/order_service.go:78.2,78.41 1 1
realico-comidas-backend/service/order_service.go:78.41,80.3 1 1
realico-comidas-backend/service/order_service.go:82.2,82.25 1 1
realico-comidas-backend/service/order_service.go:82.25,84.3 1 1
realico-comidas-backend/service/order_service.go:86.2,90.36 4 1
realico-comidas-backend/service/order_service.go:90.36,91.28 1 1
realico-comidas-backend/service/order_service.go:91.28,93.4 1 0
realico-comidas-backend/service/order_service.go:95.3,96.17 2 1
realico-comidas-backend/service/order_service.go:96.17,98.4 1 0
realico-comidas-backend/service/order_service.go:101.3,101.39 1 1
realico-comidas-backend/service/order_service.go:101.39,104.4 1 1
realico-comidas-backend/service/order_service.go:107.3,118.62 5 1
realico-comidas-backend/service/order_service.go:121.2,131.16 3 1
realico-comidas-backend/service/order_service.go:131.16,133.3 1 0
realico-comidas-backend/service/order_service.go:135.2,135.39 1 1
realico-comidas-backend/service/order_service.go:138.87,140.16 2 1
realico-comidas-backend/service/order_service.go:140.16,142.3 1 0
realico-comidas-backend/service/order_service.go:147.2,150.95 3 1
realico-comidas-backend/service/order_service.go:150.95,152.3 1 1
realico-comidas-backend/service/order_service.go:152.8,152.102 1 1
realico-comidas-backend/service/order_service.go:152.102,154.3 1 1
realico-comidas-backend/service/order_service.go:156.2,156.14 1 1
realico-comidas-backend/service/order_service.go:156.14,158.3 1 1
realico-comidas-backend/service/order_service.go:160.2,161.16 2 1
realico-comidas-backend/service/order_service.go:161.16,163.3 1 0
realico-comidas-backend/service/order_service.go:168.68,170.16 2 1
realico-comidas-backend/service/order_service.go:170.16,172.3 1 1
realico-comidas-backend/service/order_service.go:175.2,175.49 1 1
realico-comidas-backend/service/order_service.go:175.49,177.3 1 1
realico-comidas-backend/service/order_service.go:179.2,180.16 2 1
realico-comidas-backend/service/order_service.go:180.16,182.3 1 0
realico-comidas-backend/service/order_service.go:184.2,184.33 1 1
realico-comidas-backend/service/order_service.go:187.90,189.41 1 0
realico-comidas-backend/service/order_service.go:189.41,191.3 1 0
realico-comidas-backend/service/order_service.go:194.2,195.16 2 0
realico-comidas-backend/service/order_service.go:195.16,197.3 1 0
realico-comidas-backend/service/order_service.go:201.2,201.49 1 0
realico-comidas-backend/service/order_service.go:201.49,203.3 1 0
realico-comidas-backend/service/order_service.go:206.2,210.16 4 0
realico-comidas-backend/service/order_service.go:210.16,212.3 1 0
realico-comidas-backend/service/order_service.go:214.2,214.33 1 0
realico-comidas-backend/service/order_service.go:217.70,219.2 1 0
realico-comidas-backend/service/product_service.go:50.125,55.2 1 1
realico-comidas-backend/service/product_service.go:70.80,72.21 2 1
realico-comidas-backend/service/product_service.go:72.21,74.3 1 1
realico-comidas-backend/service/product_service.go:75.2,75.20 1 1
realico-comidas-backend/service/product_service.go:75.20,77.3 1 1
realico-comidas-backend/service/product_service.go:78.2,78.19 1 1
realico-comidas-backend/service/product_service.go:78.19,80.3 1 1
realico-comidas-backend/service/product_service.go:83.2,83.25 1 0
realico-comidas-backend/service/product_service.go:83.25,85.3 1 0
realico-comidas-backend/service/product_service.go:88.2,89.16 2 0
realico-comidas-backend/service/product_service.go:89.16,91.3 1 0
realico-comidas-backend/service/product_service.go:93.2,103.16 3 0
realico-comidas-backend/service/product_service.go:103.16,105.3 1 0
realico-comidas-backend/service/product_service.go:107.2,107.43 1 0
realico-comidas-backend/service/product_service.go:110.89,112.21 2 1
realico-comidas-backend/service/product_service.go:112.21,114.3 1 1
realico-comidas-backend/service/product_service.go:115.2,115.20 1 1
realico-comidas-backend/service/product_service.go:115.20,117.3 1 1
realico-comidas-backend/service/product_service.go:118.2,118.19 1 1
realico-comidas-backend/service/product_service.go:118.19,120.3 1 1
realico-comidas-backend/service/product_service.go:123.2,123.25 1 1
realico-comidas-backend/service/product_service.go:123.25,125.3 1 0
realico-comidas-backend/service/product_service.go:127.2,128.16 2 1
realico-comidas-backend/service/product_service.go:128.16,130.3 1 1
realico-comidas-backend/service/product_service.go:132.2,133.16 2 0
realico-comidas-backend/service/product_service.go:133.16,135.3 1 0
realico-comidas-backend/service/product_service.go:137.2,145.16 8 0
realico-comidas-backend/service/product_service.go:145.16,147.3 1 0
realico-comidas-backend/service/product_service.go:149.2,149.35 1 0
realico-comidas-backend/service/product_service.go:152.48,154.16 2 1
realico-comidas-backend/service/product_service.go:154.16,156.3 1 1
realico-comidas-backend/service/product_service.go:157.2,157.33 1 1
