mode: set
realico-comidas-backend/service/category_service.go:29.77,31.2 1 1
realico-comidas-backend/service/category_service.go:33.63,35.2 1 0
realico-comidas-backend/service/category_service.go:37.70,39.2 1 0
realico-comidas-backend/service/category_service.go:41.73,43.21 2 1
realico-comidas-backend/service/category_service.go:43.21,45.3 1 1
realico-comidas-backend/service/category_service.go:47.2,52.16 3 1
realico-comidas-backend/service/category_service.go:52.16,54.3 1 0
realico-comidas-backend/service/category_service.go:55.2,55.22 1 1
realico-comidas-backend/service/category_service.go:58.82,60.21 2 1
realico-comidas-backend/service/category_service.go:60.21,62.3 1 1
realico-comidas-backend/service/category_service.go:64.2,65.16 2 1
realico-comidas-backend/service/category_service.go:65.16,67.3 1 1
realico-comidas-backend/service/category_service.go:69.2,71.16 3 0
realico-comidas-backend/service/category_service.go:71.16,73.3 1 0
realico-comidas-backend/service/category_service.go:75.2,75.22 1 0
realico-comidas-backend/service/category_service.go:78.49,80.16 2 1
realico-comidas-backend/service/category_service.go:80.16,82.3 1 1
realico-comidas-backend/service/category_service.go:85.2,86.16 2 1
realico-comidas-backend/service/category_service.go:86.16,88.3 1 0
realico-comidas-backend/service/category_service.go:89.2,89.17 1 1
realico-comidas-backend/service/category_service.go:89.17,91.3 1 1
realico-comidas-backend/service/category_service.go:93.2,93.26 1 1
realico-comidas-backend/service/order_service.go:50.115,55.2 1 1
realico-comidas-backend/service/order_service.go:57.57,59.2 1 0
realico-comidas-backend/service/order_service.go:61.64,63.2 1 0
realico-comidas-backend/service/order_service.go:65.74,71.63 4 1
realico-comidas-backend/service/order_service.go:71.63,73.3 1 1
realico-comidas-backend/service/order_service.go:76.2,76.41 1 1
realico-comidas-backend/service/order_service.go:76.41,78.3 1 1
realico-comidas-backend/service/order_service.go:80.2,80.25 1 1
realico-comidas-backend/service/order_service.go:80.25,82.3 1 1
realico-comidas-backend/service/order_service.go:84.2,88.36 4 1
realico-comidas-backend/service/order_service.go:88.36,89.28 1 1
realico-comidas-backend/service/order_service.go:89.28,91.4 1 0
realico-comidas-backend/service/order_service.go:93.3,94.17 2 1
realico-comidas-backend/service/order_service.go:94.17,96.4 1 0
realico-comidas-backend/service/order_service.go:99.3,99.39 1 1
realico-comidas-backend/service/order_service.go:99.39,102.4 1 1
realico-comidas-backend/service/order_service.go:105.3,116.62 5 1
realico-comidas-backend/service/order_service.go:119.2,129.16 3 1
realico-comidas-backend/service/order_service.go:129.16,131.3 1 0
realico-comidas-backend/service/order_service.go:133.2,133.39 1 1
realico-comidas-backend/service/order_service.go:136.87,138.16 2 1
realico-comidas-backend/service/order_service.go:138.16,140.3 1 0
realico-comidas-backend/service/order_service.go:145.2,148.95 3 1
realico-comidas-backend/service/order_service.go:148.95,150.3 1 1
realico-comidas-backend/service/order_service.go:150.8,150.102 1 1
realico-comidas-backend/service/order_service.go:150.102,152.3 1 1
realico-comidas-backend/service/order_service.go:154.2,154.14 1 1
realico-comidas-backend/service/order_service.go:154.14,156.3 1 1
realico-comidas-backend/service/order_service.go:158.2,159.16 2 1
realico-comidas-backend/service/order_service.go:159.16,161.3 1 0
realico-comidas-backend/service/order_service.go:163.2,163.33 1 1
realico-comidas-backend/service/order_service.go:166.68,168.16 2 1
realico-comidas-backend/service/order_service.go:168.16,170.3 1 1
realico-comidas-backend/service/order_service.go:173.2,173.49 1 1
realico-comidas-backend/service/order_service.go:173.49,175.3 1 1
realico-comidas-backend/service/order_service.go:177.2,178.16 2 1
realico-comidas-backend/service/order_service.go:178.16,180.3 1 0
realico-comidas-backend/service/order_service.go:182.2,182.33 1 1
realico-comidas-backend/service/order_service.go:185.70,187.2 1 0
realico-comidas-backend/service/product_service.go:50.125,55.2 1 1
realico-comidas-backend/service/product_service.go:57.61,59.2 1 0
realico-comidas-backend/service/product_service.go:61.67,64.2 1 0
realico-comidas-backend/service/product_service.go:66.68,68.2 1 0
realico-comidas-backend/service/product_service.go:70.80,72.21 2 1
realico-comidas-backend/service/product_service.go:72.21,74.3 1 1
realico-comidas-backend/service/product_service.go:75.2,75.20 1 1
realico-comidas-backend/service/product_service.go:75.20,77.3 1 1
realico-comidas-backend/service/product_service.go:78.2,78.19 1 1
realico-comidas-backend/service/product_service.go:78.19,80.3 1 1
realico-comidas-backend/service/product_service.go:83.2,83.25 1 0
realico-comidas-backend/service/product_service.go:83.25,85.3 1 0
realico-comidas-backend/service/product_service.go:88.2,89.16 2 0
realico-comidas-backend/service/product_service.go:89.16,91.3 1 0
realico-comidas-backend/service/product_service.go:93.2,103.16 3 0
realico-comidas-backend/service/product_service.go:103.16,105.3 1 0
realico-comidas-backend/service/product_service.go:107.2,107.43 1 0
realico-comidas-backend/service/product_service.go:110.89,112.21 2 1
realico-comidas-backend/service/product_service.go:112.21,114.3 1 1
realico-comidas-backend/service/product_service.go:115.2,115.20 1 1
realico-comidas-backend/service/product_service.go:115.20,117.3 1 1
realico-comidas-backend/service/product_service.go:118.2,118.19 1 1
realico-comidas-backend/service/product_service.go:118.19,120.3 1 1
realico-comidas-backend/service/product_service.go:123.2,123.25 1 1
realico-comidas-backend/service/product_service.go:123.25,125.3 1 0
realico-comidas-backend/service/product_service.go:127.2,128.16 2 1
realico-comidas-backend/service/product_service.go:128.16,130.3 1 1
realico-comidas-backend/service/product_service.go:132.2,133.16 2 0
realico-comidas-backend/service/product_service.go:133.16,135.3 1 0
realico-comidas-backend/service/product_service.go:137.2,145.16 8 0
realico-comidas-backend/service/product_service.go:145.16,147.3 1 0
realico-comidas-backend/service/product_service.go:149.2,149.35 1 0
realico-comidas-backend/service/product_service.go:152.48,154.16 2 1
realico-comidas-backend/service/product_service.go:154.16,156.3 1 1
realico-comidas-backend/service/product_service.go:157.2,157.33 1 1
